// Jest Snapshot v1, https://goo.gl/fbAQLP

exports[`Buttons are OK 1`] = `
".btn {
  padding-right: 20px; }
"
`;
